LABELS KEYS: AIRPOL, FREQ, S_ADJ, UNIT, NACE_R2, GEO, NA_ITEM, TRA_INFR
GEO sample: Array
(
    [EU27_2020] => European Union - 27 countries (from 2020)
    [BE] => Belgium
    [BG] => Bulgaria
    [CZ] => Czechia
    [DK] => Denmark
    [DE] => Germany
    [EE] => Estonia
    [IE] => Ireland
    [EL] => Greece
    [ES] => Spain
    [FR] => France
    [HR] => Croatia
    [IT] => Italy
    [CY] => Cyprus
    [LV] => Latvia
    [LT] => Lithuania
    [LU] => Luxembourg
    [HU] => Hungary
    [MT] => Malta
    [NL] => Netherlands
    [AT] => Austria
    [PL] => Poland
    [PT] => Portugal
    [RO] => Romania
    [SI] => Slovenia
    [SK] => Slovakia
    [FI] => Finland
    [SE] => Sweden
    [EA] => Euro area (EA11-1999, EA12-2001, EA13-2007, EA15-2008, EA16-2009, EA17-2011, EA18-2014, EA19-2015, EA20-2023, EA21-2026)
    [EA21] => Euro area – 21 countries (from 2026)
    [EA20] => Euro area – 20 countries (2023-2025)
    [EA19] => Euro area - 19 countries  (2015-2022)
    [EA12] => Euro area - 12 countries (2001-2006)
    [IS] => Iceland
    [LI] => Liechtenstein
    [NO] => Norway
    [CH] => Switzerland
    [UK] => United Kingdom
    [BA] => Bosnia and Herzegovina
    [ME] => Montenegro
    [MD] => Moldova
    [MK] => North Macedonia
    [AL] => Albania
    [RS] => Serbia
    [TR] => Türkiye
    [UA] => Ukraine
    [XK] => Kosovo*
)

[FREQ][A] => 'Annual'
[GEO][AL] => 'Albania'
[TRA_INFR][AIRP] => 'Airports'
[GEO][AT] => 'Austria'
[GEO][BA] => 'Bosnia and Herzegovina'
[GEO][BE] => 'Belgium'
[GEO][BG] => 'Bulgaria'
[GEO][CH] => 'Switzerland'
[GEO][CY] => 'Cyprus'
[GEO][CZ] => 'Czechia'
[GEO][DE] => 'Germany'
[GEO][DK] => 'Denmark'
[GEO][EE] => 'Estonia'
[GEO][EL] => 'Greece'
[GEO][ES] => 'Spain'
[GEO][FI] => 'Finland'
[GEO][FR] => 'France'
[GEO][HR] => 'Croatia'
[GEO][HU] => 'Hungary'
[GEO][IE] => 'Ireland'
[GEO][IS] => 'Iceland'
[GEO][IT] => 'Italy'
[GEO][LT] => 'Lithuania'
[GEO][LU] => 'Luxembourg'
[GEO][LV] => 'Latvia'
[GEO][ME] => 'Montenegro'
[GEO][MK] => 'North Macedonia'
[GEO][MT] => 'Malta'
[GEO][NL] => 'Netherlands'
[GEO][NO] => 'Norway'
[GEO][PL] => 'Poland'
[GEO][PT] => 'Portugal'
[GEO][RO] => 'Romania'
[GEO][RS] => 'Serbia'
[GEO][SE] => 'Sweden'
[GEO][SI] => 'Slovenia'
[GEO][SK] => 'Slovakia'
[GEO][TR] => 'Türkiye'
[GEO][UK] => 'United Kingdom'
[TRA_INFR][AIRP_MAIN] => 'Main airports'
[TRA_INFR][AIRP_OTH] => 'Other airports'
[TRA_INFR][AIRP_SML] => 'Small airports'
[TRA_INFR][TOTAL] => 'Total'
